// Jest Snapshot v1, https://goo.gl/fbAQLP

exports[`checking IntroScreen component IntroScreen renders  1`] = `undefined`;
